------------------------------------------------------------
TimeQuest Timing Analyzer Summary
------------------------------------------------------------

Type  : Slow 1200mV 85C Model Setup 'bus_controller:controller|grant1'
Slack : -0.086
TNS   : -0.146

Type  : Slow 1200mV 85C Model Hold 'bus_controller:controller|grant1'
Slack : -0.519
TNS   : -3.245

Type  : Slow 1200mV 85C Model Minimum Pulse Width 'clk'
Slack : -3.000
TNS   : -5.000

Type  : Slow 1200mV 85C Model Minimum Pulse Width 'bus_controller:controller|grant2'
Slack : 0.457
TNS   : 0.000

Type  : Slow 1200mV 85C Model Minimum Pulse Width 'bus_controller:controller|grant1'
Slack : 0.462
TNS   : 0.000

Type  : Slow 1200mV 0C Model Setup 'bus_controller:controller|grant1'
Slack : -0.069
TNS   : -0.132

Type  : Slow 1200mV 0C Model Hold 'bus_controller:controller|grant1'
Slack : -0.462
TNS   : -2.717

Type  : Slow 1200mV 0C Model Minimum Pulse Width 'clk'
Slack : -3.000
TNS   : -5.000

Type  : Slow 1200mV 0C Model Minimum Pulse Width 'bus_controller:controller|grant2'
Slack : 0.468
TNS   : 0.000

Type  : Slow 1200mV 0C Model Minimum Pulse Width 'bus_controller:controller|grant1'
Slack : 0.470
TNS   : 0.000

Type  : Fast 1200mV 0C Model Setup 'bus_controller:controller|grant1'
Slack : 0.229
TNS   : 0.000

Type  : Fast 1200mV 0C Model Hold 'bus_controller:controller|grant1'
Slack : -0.337
TNS   : -2.488

Type  : Fast 1200mV 0C Model Minimum Pulse Width 'clk'
Slack : -3.000
TNS   : -5.062

Type  : Fast 1200mV 0C Model Minimum Pulse Width 'bus_controller:controller|grant1'
Slack : 0.454
TNS   : 0.000

Type  : Fast 1200mV 0C Model Minimum Pulse Width 'bus_controller:controller|grant2'
Slack : 0.460
TNS   : 0.000

------------------------------------------------------------
